// Jest Snapshot v1, https://goo.gl/fbAQLP

exports[`Comments render correctly 1`] = `
<div>
  <div>
    <p>
      No comments to show for this story
    </p>
  </div>
</div>
`;
